// Jest Snapshot v1, https://goo.gl/fbAQLP

exports[`EducationCard Renders correctly 1`] = `
<div
  className="css-1sb573i"
  onClick={[Function]}
>
  <div
    className="css-fsocmv"
  >
    <div
      className="css-h5v37p"
    >
      <h3
        className="css-1b8m15i"
      >
        SYRACUSE
      </h3>
      <div
        className="css-sr1g99"
      >
        <div
          className="css-1pgmgdr"
          size="medium"
        >
          <p>
            Syracuse, NY
          </p>
          <p>
            Location
          </p>
        </div>
        <div
          className="css-1bajddq"
          size="medium"
        >
          <p>
            2014
          </p>
          <p>
            Years
          </p>
        </div>
      </div>
    </div>
    <div
      className="css-1loivni"
    >
      <p
        dangerouslySetInnerHTML={
          Object {
            "__html": "i went",
          }
        }
      />
      <p
        dangerouslySetInnerHTML={
          Object {
            "__html": "to college here",
          }
        }
      />
    </div>
  </div>
</div>
`;
