// Jest Snapshot v1, https://goo.gl/fbAQLP

exports[`ExperienceCard Renders correctly 1`] = `
<div
  className="css-1yyoknq"
>
  <div
    className="css-1vqdcjn"
  >
    <div
      className="css-h5v37p"
    >
      <h3
        className="css-1b8m15i"
      >
        MY FIRST JOB
      </h3>
      <div
        className="css-1fflyas"
      >
        <div
          className="css-gmm171"
          size="medium"
        >
          <p>
            Los Angeles, CA
          </p>
          <p>
            Location
          </p>
        </div>
        <div
          className="css-gmm171"
          size="medium"
        >
          <p>
            ABC
          </p>
          <p>
            Company
          </p>
        </div>
        <div
          className="css-gmm171"
          size="medium"
        >
          <p>
            Jan 1900 - Jan 2000
          </p>
          <p>
            Dates
          </p>
        </div>
      </div>
    </div>
    <div
      className="css-gohb89"
    >
      <p
        dangerouslySetInnerHTML={
          Object {
            "__html": "<p>it was fun.</p>",
          }
        }
      />
      <p
        dangerouslySetInnerHTML={
          Object {
            "__html": "<p>it was great.</p>",
          }
        }
      />
      <p
        dangerouslySetInnerHTML={
          Object {
            "__html": "<p>it was awesome.</p>",
          }
        }
      />
    </div>
  </div>
</div>
`;
