// Jest Snapshot v1, https://goo.gl/fbAQLP

exports[`LiveLink Renders correctly 1`] = `
<div
  className="css-88m2o9"
>
  <div
    className=" gatsby-image-wrapper"
    style={
      Object {
        "overflow": "hidden",
        "position": "relative",
        "width": "2.2rem",
      }
    }
  >
    <div
      aria-hidden={true}
      style={
        Object {
          "paddingBottom": "100%",
          "width": "100%",
        }
      }
    />
    <img
      alt=""
      aria-hidden={true}
      src="data:image/png;base64,iVBORw0KGgoAAAANSUhEUgAAABQAAAAUCAYAAACNiR0NAAAACXBIWXMAAAsTAAALEwEAmpwYAAABVElEQVQ4y+XUzStEURjH8Wvu3IWdnbKSEpkNpdhYKIasLGyUt2tBUshGibLxkmSBiSLMwmuxMylLK9lYWClLdv4H36d+o9PNYKa7c+pTZ86555lzzn3u43meV+bF175itWIMIUaLFGptWz5YLx6xhs0SreIBgxZwH0MxHLcLV9bZdgIGSBQp0NpunFlnxwnol7CzhBPw/B8HHInhpfTkA2bQF0PaWGJfeErMV+VQDjcROc39NH+NZxxZwD3MoxIp1Dvsdw36MaB+9JkGVGEclxZwTlttQRod0ol2NGEKs2jUmPtcWrXgEMsWMIklnGrLx8jiALd4wy628I47zWX1rK05wQrKf7voad1xvtkfL/zlDflKgaQzZvdyjwpnLNBYrTOW1Fq/UHFMqZTZUV+0ow1ZxBM+sI7mSHJ/G7BaRw31BU1iQqw/LDOoi1bqgiW8lLJv7RMGcFWdkI4KZgAAAABJRU5ErkJggg=="
      style={
        Object {
          "height": "100%",
          "left": 0,
          "margin": 0,
          "objectFit": "cover",
          "objectPosition": "center",
          "opacity": 1,
          "position": "absolute",
          "top": 0,
          "transitionDelay": "500ms",
          "width": "100%",
        }
      }
      title="computer-icon-2"
    />
    <picture>
      <source
        sizes="(max-width: 512px) 100vw, 512px"
        srcSet="/static/db0c5da11b69426f19ad7d5fb9021289/61e93/computer-icon-2.webp 200w,
/static/db0c5da11b69426f19ad7d5fb9021289/1f5c5/computer-icon-2.webp 400w,
/static/db0c5da11b69426f19ad7d5fb9021289/a3e81/computer-icon-2.webp 512w"
        type="image/webp"
      />
      <source
        sizes="(max-width: 512px) 100vw, 512px"
        srcSet="/static/db0c5da11b69426f19ad7d5fb9021289/69585/computer-icon-2.png 200w,
/static/db0c5da11b69426f19ad7d5fb9021289/497c6/computer-icon-2.png 400w,
/static/db0c5da11b69426f19ad7d5fb9021289/bc59e/computer-icon-2.png 512w"
      />
      <img
        alt="computer-icon-2"
        loading="lazy"
        onLoad={[Function]}
        sizes="(max-width: 512px) 100vw, 512px"
        src="/static/db0c5da11b69426f19ad7d5fb9021289/bc59e/computer-icon-2.png"
        srcSet="/static/db0c5da11b69426f19ad7d5fb9021289/69585/computer-icon-2.png 200w,
/static/db0c5da11b69426f19ad7d5fb9021289/497c6/computer-icon-2.png 400w,
/static/db0c5da11b69426f19ad7d5fb9021289/bc59e/computer-icon-2.png 512w"
        style={
          Object {
            "height": "100%",
            "left": 0,
            "margin": 0,
            "objectFit": "cover",
            "objectPosition": "center",
            "opacity": 0,
            "position": "absolute",
            "top": 0,
            "transition": "opacity 500ms",
            "width": "100%",
          }
        }
        title="computer-icon-2"
      />
    </picture>
    <noscript
      dangerouslySetInnerHTML={
        Object {
          "__html": "<picture><source type='image/webp' srcset=\\"/static/db0c5da11b69426f19ad7d5fb9021289/61e93/computer-icon-2.webp 200w,
/static/db0c5da11b69426f19ad7d5fb9021289/1f5c5/computer-icon-2.webp 400w,
/static/db0c5da11b69426f19ad7d5fb9021289/a3e81/computer-icon-2.webp 512w\\" sizes=\\"(max-width: 512px) 100vw, 512px\\" /><source srcset=\\"/static/db0c5da11b69426f19ad7d5fb9021289/69585/computer-icon-2.png 200w,
/static/db0c5da11b69426f19ad7d5fb9021289/497c6/computer-icon-2.png 400w,
/static/db0c5da11b69426f19ad7d5fb9021289/bc59e/computer-icon-2.png 512w\\" sizes=\\"(max-width: 512px) 100vw, 512px\\" /><img loading=\\"lazy\\" sizes=\\"(max-width: 512px) 100vw, 512px\\" srcset=\\"/static/db0c5da11b69426f19ad7d5fb9021289/69585/computer-icon-2.png 200w,
/static/db0c5da11b69426f19ad7d5fb9021289/497c6/computer-icon-2.png 400w,
/static/db0c5da11b69426f19ad7d5fb9021289/bc59e/computer-icon-2.png 512w\\" src=\\"/static/db0c5da11b69426f19ad7d5fb9021289/bc59e/computer-icon-2.png\\" alt=\\"computer-icon-2\\" title=\\"computer-icon-2\\" style=\\"position:absolute;top:0;left:0;opacity:1;width:100%;height:100%;object-fit:cover;object-position:center\\"/></picture>",
        }
      }
    />
  </div>
  <div>
    <a
      className="css-e0yupj"
      href="/path/to/my/file"
      target="_blank"
    >
      it is aliveeee
    </a>
  </div>
</div>
`;
