// Jest Snapshot v1, https://goo.gl/fbAQLP

exports[`ProjectCard Renders correctly 1`] = `
<div
  className="css-7qntd6"
>
  <h3
    className="css-zwll95"
  >
    HOT TUB 2019
  </h3>
  <div>
    <p>
      i made this
    </p>
    <p>
      all by myself
    </p>
    <div
      className=" gatsby-image-wrapper"
      style={
        Object {
          "maxHeight": "250px",
          "overflow": "hidden",
          "position": "relative",
        }
      }
    >
      <div
        aria-hidden={true}
        style={
          Object {
            "paddingBottom": "75.5%",
            "width": "100%",
          }
        }
      />
      <img
        alt=""
        aria-hidden={true}
        src="data:image/png;base64,iVBORw0KGgoAAAANSUhEUgAAABQAAAAPCAYAAADkmO9VAAAACXBIWXMAAAsSAAALEgHS3X78AAACQElEQVQ4y42SSXPTQBCF9Xs5cuEXcOdKLlzgkDM3lhTEKQoqUCSx9s3aR7ISh8S2ZHnRo3tsGS9VgKq65lnu/vr1tBTHG+BGNaBqBlx/gMVyieWqxYKCz7ZtwU93/utRTl6/xbPnJ3j55gPKCTBerGNCUS8hoURD+59QpSiGECJDEVwgMd9j+Usjyj3QFEQYbRN3nf5NK3eje4wfR2jDFxA/nyBVn0LEp7i7eYV5/xTzOEQ7a9ZFq/aowaFWqqpCXuS4va1gPwj08mv0yivkeh+L3g9UZ+eYiRzz1UoW1HWN2WwmNdc287nUTdNgRTkKJ/R9ge+6j4fRHWbTCvV4igklP9YVpos5kkzA932CUVPHkZphlmUjjmOpDdNEWZZQckGutBQftQKOHyIIfPiDAQYUAW09DAI4BLEsC1EUSe15HmLS/I41v9d1nWoDKGU5RE8XOKfwghhpEsuuXaRpKovYjciyLTAjbdu2bMzaJIcMVsrhEJ+0TEIZmBAkitYwTkiSRAK4uIPzyKzZIWsG6oaBMAzpsyHgNzPFpZUiCDeg+BjIzhiy61COvIFvHTKwp2d418/hDBgUyT+6YKDrutJhJl3ZBHUlkBfRwTVNWzscEvArOTxTBVSXRz4ExnB3RuaTG+yOzJqXsgEW+GKktJQMfngM5NH/3GGyd4dm55A0OwwYyEu5INhnTeDaSfY23I3M92aa1naz7PBw5L6qrj+boihwaSa4Ipjh7bvjEbYOCdrB+Tdri+Ce50ttbLb8G7OYUmWas1qgAAAAAElFTkSuQmCC"
        style={
          Object {
            "height": "100%",
            "left": 0,
            "margin": 0,
            "objectFit": "cover",
            "objectPosition": "top",
            "opacity": 1,
            "position": "absolute",
            "top": 0,
            "transitionDelay": "500ms",
            "width": "100%",
          }
        }
        title="hot-tub-2019"
      />
      <picture>
        <source
          sizes="(max-width: 800px) 100vw, 800px"
          srcSet="/static/8f3a0f809cfd0972b2855092b9151ef2/61e93/hot-tub-2019.webp 200w,
/static/8f3a0f809cfd0972b2855092b9151ef2/1f5c5/hot-tub-2019.webp 400w,
/static/8f3a0f809cfd0972b2855092b9151ef2/58556/hot-tub-2019.webp 800w,
/static/8f3a0f809cfd0972b2855092b9151ef2/c515d/hot-tub-2019.webp 1191w"
          type="image/webp"
        />
        <source
          sizes="(max-width: 800px) 100vw, 800px"
          srcSet="/static/8f3a0f809cfd0972b2855092b9151ef2/69585/hot-tub-2019.png 200w,
/static/8f3a0f809cfd0972b2855092b9151ef2/497c6/hot-tub-2019.png 400w,
/static/8f3a0f809cfd0972b2855092b9151ef2/ee604/hot-tub-2019.png 800w,
/static/8f3a0f809cfd0972b2855092b9151ef2/ef8da/hot-tub-2019.png 1191w"
        />
        <img
          alt="hot-tub-2019"
          loading="lazy"
          onLoad={[Function]}
          sizes="(max-width: 800px) 100vw, 800px"
          src="/static/8f3a0f809cfd0972b2855092b9151ef2/ee604/hot-tub-2019.png"
          srcSet="/static/8f3a0f809cfd0972b2855092b9151ef2/69585/hot-tub-2019.png 200w,
/static/8f3a0f809cfd0972b2855092b9151ef2/497c6/hot-tub-2019.png 400w,
/static/8f3a0f809cfd0972b2855092b9151ef2/ee604/hot-tub-2019.png 800w,
/static/8f3a0f809cfd0972b2855092b9151ef2/ef8da/hot-tub-2019.png 1191w"
          style={
            Object {
              "height": "100%",
              "left": 0,
              "margin": 0,
              "objectFit": "cover",
              "objectPosition": "top",
              "opacity": 0,
              "position": "absolute",
              "top": 0,
              "transition": "opacity 500ms",
              "width": "100%",
            }
          }
          title="hot-tub-2019"
        />
      </picture>
      <noscript
        dangerouslySetInnerHTML={
          Object {
            "__html": "<picture><source type='image/webp' srcset=\\"/static/8f3a0f809cfd0972b2855092b9151ef2/61e93/hot-tub-2019.webp 200w,
/static/8f3a0f809cfd0972b2855092b9151ef2/1f5c5/hot-tub-2019.webp 400w,
/static/8f3a0f809cfd0972b2855092b9151ef2/58556/hot-tub-2019.webp 800w,
/static/8f3a0f809cfd0972b2855092b9151ef2/c515d/hot-tub-2019.webp 1191w\\" sizes=\\"(max-width: 800px) 100vw, 800px\\" /><source srcset=\\"/static/8f3a0f809cfd0972b2855092b9151ef2/69585/hot-tub-2019.png 200w,
/static/8f3a0f809cfd0972b2855092b9151ef2/497c6/hot-tub-2019.png 400w,
/static/8f3a0f809cfd0972b2855092b9151ef2/ee604/hot-tub-2019.png 800w,
/static/8f3a0f809cfd0972b2855092b9151ef2/ef8da/hot-tub-2019.png 1191w\\" sizes=\\"(max-width: 800px) 100vw, 800px\\" /><img loading=\\"lazy\\" sizes=\\"(max-width: 800px) 100vw, 800px\\" srcset=\\"/static/8f3a0f809cfd0972b2855092b9151ef2/69585/hot-tub-2019.png 200w,
/static/8f3a0f809cfd0972b2855092b9151ef2/497c6/hot-tub-2019.png 400w,
/static/8f3a0f809cfd0972b2855092b9151ef2/ee604/hot-tub-2019.png 800w,
/static/8f3a0f809cfd0972b2855092b9151ef2/ef8da/hot-tub-2019.png 1191w\\" src=\\"/static/8f3a0f809cfd0972b2855092b9151ef2/ee604/hot-tub-2019.png\\" alt=\\"hot-tub-2019\\" title=\\"hot-tub-2019\\" style=\\"position:absolute;top:0;left:0;opacity:1;width:100%;height:100%;object-fit:cover;object-position:center\\"/></picture>",
          }
        }
      />
    </div>
  </div>
  <div
    className="css-1h5sbg5"
  >
    <div
      className="css-88m2o9"
    >
      <img
        alt="git-logo"
        height={20}
        src="/static/76d344f08412543c74ccd1fb2493d607/git-logo.svg"
        title="git-logo"
        width={20}
      />
      <div>
        <a
          className="css-e0yupj"
          href="/to/my/github"
          target="_blank"
        >
          github
        </a>
      </div>
    </div>
    <div
      className="css-88m2o9"
    >
      <div
        className=" gatsby-image-wrapper"
        style={
          Object {
            "overflow": "hidden",
            "position": "relative",
            "width": "2.2rem",
          }
        }
      >
        <div
          aria-hidden={true}
          style={
            Object {
              "paddingBottom": "100%",
              "width": "100%",
            }
          }
        />
        <img
          alt=""
          aria-hidden={true}
          src="data:image/png;base64,iVBORw0KGgoAAAANSUhEUgAAABQAAAAUCAYAAACNiR0NAAAACXBIWXMAAAsTAAALEwEAmpwYAAABVElEQVQ4y+XUzStEURjH8Wvu3IWdnbKSEpkNpdhYKIasLGyUt2tBUshGibLxkmSBiSLMwmuxMylLK9lYWClLdv4H36d+o9PNYKa7c+pTZ86555lzzn3u43meV+bF175itWIMIUaLFGptWz5YLx6xhs0SreIBgxZwH0MxHLcLV9bZdgIGSBQp0NpunFlnxwnol7CzhBPw/B8HHInhpfTkA2bQF0PaWGJfeErMV+VQDjcROc39NH+NZxxZwD3MoxIp1Dvsdw36MaB+9JkGVGEclxZwTlttQRod0ol2NGEKs2jUmPtcWrXgEMsWMIklnGrLx8jiALd4wy628I47zWX1rK05wQrKf7voad1xvtkfL/zlDflKgaQzZvdyjwpnLNBYrTOW1Fq/UHFMqZTZUV+0ow1ZxBM+sI7mSHJ/G7BaRw31BU1iQqw/LDOoi1bqgiW8lLJv7RMGcFWdkI4KZgAAAABJRU5ErkJggg=="
          style={
            Object {
              "height": "100%",
              "left": 0,
              "margin": 0,
              "objectFit": "cover",
              "objectPosition": "center",
              "opacity": 1,
              "position": "absolute",
              "top": 0,
              "transitionDelay": "500ms",
              "width": "100%",
            }
          }
          title="computer-icon-2"
        />
        <picture>
          <source
            sizes="(max-width: 512px) 100vw, 512px"
            srcSet="/static/db0c5da11b69426f19ad7d5fb9021289/61e93/computer-icon-2.webp 200w,
/static/db0c5da11b69426f19ad7d5fb9021289/1f5c5/computer-icon-2.webp 400w,
/static/db0c5da11b69426f19ad7d5fb9021289/a3e81/computer-icon-2.webp 512w"
            type="image/webp"
          />
          <source
            sizes="(max-width: 512px) 100vw, 512px"
            srcSet="/static/db0c5da11b69426f19ad7d5fb9021289/69585/computer-icon-2.png 200w,
/static/db0c5da11b69426f19ad7d5fb9021289/497c6/computer-icon-2.png 400w,
/static/db0c5da11b69426f19ad7d5fb9021289/bc59e/computer-icon-2.png 512w"
          />
          <img
            alt="computer-icon-2"
            loading="lazy"
            onLoad={[Function]}
            sizes="(max-width: 512px) 100vw, 512px"
            src="/static/db0c5da11b69426f19ad7d5fb9021289/bc59e/computer-icon-2.png"
            srcSet="/static/db0c5da11b69426f19ad7d5fb9021289/69585/computer-icon-2.png 200w,
/static/db0c5da11b69426f19ad7d5fb9021289/497c6/computer-icon-2.png 400w,
/static/db0c5da11b69426f19ad7d5fb9021289/bc59e/computer-icon-2.png 512w"
            style={
              Object {
                "height": "100%",
                "left": 0,
                "margin": 0,
                "objectFit": "cover",
                "objectPosition": "center",
                "opacity": 0,
                "position": "absolute",
                "top": 0,
                "transition": "opacity 500ms",
                "width": "100%",
              }
            }
            title="computer-icon-2"
          />
        </picture>
        <noscript
          dangerouslySetInnerHTML={
            Object {
              "__html": "<picture><source type='image/webp' srcset=\\"/static/db0c5da11b69426f19ad7d5fb9021289/61e93/computer-icon-2.webp 200w,
/static/db0c5da11b69426f19ad7d5fb9021289/1f5c5/computer-icon-2.webp 400w,
/static/db0c5da11b69426f19ad7d5fb9021289/a3e81/computer-icon-2.webp 512w\\" sizes=\\"(max-width: 512px) 100vw, 512px\\" /><source srcset=\\"/static/db0c5da11b69426f19ad7d5fb9021289/69585/computer-icon-2.png 200w,
/static/db0c5da11b69426f19ad7d5fb9021289/497c6/computer-icon-2.png 400w,
/static/db0c5da11b69426f19ad7d5fb9021289/bc59e/computer-icon-2.png 512w\\" sizes=\\"(max-width: 512px) 100vw, 512px\\" /><img loading=\\"lazy\\" sizes=\\"(max-width: 512px) 100vw, 512px\\" srcset=\\"/static/db0c5da11b69426f19ad7d5fb9021289/69585/computer-icon-2.png 200w,
/static/db0c5da11b69426f19ad7d5fb9021289/497c6/computer-icon-2.png 400w,
/static/db0c5da11b69426f19ad7d5fb9021289/bc59e/computer-icon-2.png 512w\\" src=\\"/static/db0c5da11b69426f19ad7d5fb9021289/bc59e/computer-icon-2.png\\" alt=\\"computer-icon-2\\" title=\\"computer-icon-2\\" style=\\"position:absolute;top:0;left:0;opacity:1;width:100%;height:100%;object-fit:cover;object-position:center\\"/></picture>",
            }
          }
        />
      </div>
      <div>
        <a
          className="css-e0yupj"
          href="/to/my/website"
          target="_blank"
        >
          website
        </a>
      </div>
    </div>
  </div>
</div>
`;
